2000             SOC     equ 02000H        ;start of code, i.e.lowest external RAM address.
2000             TOS     equ 0FD00H        ;top of stack, i.e. bottom of MONITOR user global data.
2000                     .ORG  SOC
2000             start:
2000 31 00 FD            LD    SP,TOS
2003             L0:
2003 CD AB 20            CALL  L223
2006             L1:
2006 C3 71 01            JP    00171H      ;Jump to Zilog Z80183 Monitor.
2009             L2:
2009                     ;;ledtst.j(0) /* Z80S183 program that tests switching on/off the LED at the PWRSWTCH  output. */
2009             L3:
2009                     ;;ledtst.j(1) /* Transcribed from LEDTest.asm to ledtest.j */
2009             L4:
2009                     ;;ledtst.j(2) 
2009             L5:
2009                     ;;ledtst.j(3) import Thread;
2009             L6:
2009             L7:
2009                     ;;Thread.j(0) 
2009             L8:
2009                     ;;Thread.j(1) /* Z80S183 program that tests switching on/off the LED at the PWRSWTCH  output. */
2009             L9:
2009                     ;;Thread.j(2) /* Transcribed from LEDTest.asm to ledtest.j */
2009             L10:
2009                     ;;Thread.j(3) 
2009             L11:
2009                     ;;Thread.j(4) class Thread {
2009             L12:
2009                     ;class Thread []
2009             L13:
2009                     ;;Thread.j(5) 
2009             L14:
2009                     ;;Thread.j(6)   /**
2009             L15:
2009                     ;;Thread.j(7)    * Wait 1 msec at 18,432 MHz with no wait states.
2009             L16:
2009                     ;;Thread.j(8)    * 
2009             L17:
2009                     ;;Thread.j(9)    * Assumes that code can be run from internal RAM with 1 wait state.
2009             L18:
2009                     ;;Thread.j(10)    * Assumes data can be read/written to internal RAM with 1 wait state.
2009             L19:
2009                     ;;Thread.j(11)    * Assumes the Z80S183 is driven by an 18.432 MHz clock at the XTAL pin
2009             L20:
2009                     ;;Thread.j(12)    * 
2009             L21:
2009                     ;;Thread.j(13)    * With b=255 the routine requires 108 + b * 71 = 18213 T-states, 
2009             L22:
2009                     ;;Thread.j(14)    * which is 219 T-states or 11,8 microseconds short of 1 millisecond.
2009             L23:
2009                     ;;Thread.j(15)    * 
2009             L24:
2009                     ;;Thread.j(16)    * Duplicating the for loop with a total of 257 for b and c 
2009             L25:
2009                     ;;Thread.j(17)    * requires 132 + (b + c) * 71 = 18379 T-states,
2009             L26:
2009                     ;;Thread.j(18)    * which is 53 T-states or 2,8 microseconds short of 1 millisecond.
2009             L27:
2009                     ;;Thread.j(19)    */
2009             L28:
2009                     ;;Thread.j(20)   private static void sleepOneMillisecond() {
2009             L29:
2009                     ;method Thread.sleepOneMillisecond [private, static] void ()
2009             L30:
2009 DD E5               PUSH  IX
200B             L31:
200B DD 21 00 00         LD    IX,0x0000
200F DD 39               ADD   IX,SP
2011             L32:
2011 3B                  DEC   SP
2012             L33:
2012                     ;;Thread.j(21)     for (byte b = 255; b!=0; b--) ;
2012             L34:
2012 3E FF               LD    A,255
2014             L35:
2014 DD 77 FF            LD    (IX - 1),A
2017             L36:
2017 DD 7E FF            LD    A,(IX - 1)
201A             L37:
201A D6 00               SUB   A,0
201C             L38:
201C CA 2B 20            JP    Z,L44
201F             L39:
201F C3 28 20            JP    L42
2022             L40:
2022 DD 35 FF            DEC   (IX - 1)
2025             L41:
2025 C3 17 20            JP    L36
2028             L42:
2028 C3 22 20            JP    L40
202B             L43:
202B                     ;;Thread.j(22)   }
202B             L44:
202B DD F9               LD    SP,IX
202D             L45:
202D DD E1               POP   IX
202F             L46:
202F C9                  return
2030             L47:
2030                     ;;Thread.j(23) 
2030             L48:
2030                     ;;Thread.j(24)   /**
2030             L49:
2030                     ;;Thread.j(25)    * sleep for n miliseconds.
2030             L50:
2030                     ;;Thread.j(26)    */
2030             L51:
2030                     ;;Thread.j(27)   public static void sleep(word n) {
2030             L52:
2030                     ;method Thread.sleep [public, static] void (word n {bp+0})
2030             L53:
2030 DD E5               PUSH  IX
2032             L54:
2032 DD 21 00 00         LD    IX,0x0000
2036 DD 39               ADD   IX,SP
2038             L55:
2038             L56:
2038                     ;;Thread.j(28)     while (n != 0) {
2038             L57:
2038 DD 6E 04            LD    L,(IX + 4)
203B DD 66 05            LD    H,(IX + 5)
203E             L58:
203E 3E 00               LD    A,0
2040             L59:
2040 5F                  LD    E,A
2041 16 00               LD    D,0
2043 B7                  OR    A
2044 ED 52               SBC   HL,DE
2046             L60:
2046 CA 5C 20            JP    Z,L68
2049             L61:
2049                     ;;Thread.j(29)       sleepOneMillisecond();
2049             L62:
2049 CD 09 20            CALL  L29
204C             L63:
204C                     ;;Thread.j(30)       n--;
204C             L64:
204C DD 6E 04            LD    L,(IX + 4)
204F DD 66 05            LD    H,(IX + 5)
2052 2B                  DEC   HL
2053 DD 75 04            LD    (IX + 4),L
2056 DD 74 05            LD    (IX + 5),H
2059             L65:
2059                     ;;Thread.j(31)     }
2059             L66:
2059 C3 38 20            JP    L57
205C             L67:
205C                     ;;Thread.j(32)   }
205C             L68:
205C DD F9               LD    SP,IX
205E             L69:
205E DD E1               POP   IX
2060             L70:
2060 C9                  return
2061             L71:
2061                     ;;Thread.j(33) 
2061             L72:
2061                     ;;Thread.j(34) }
2061             L73:
2061                     ;;ledtst.j(4) 
2061             L74:
2061                     ;;ledtst.j(5) class LEDTest {
2061             L75:
2061                     ;class LEDTest []
2061             L76:
2061                     ;;ledtst.j(6)   /*******************************
2061             L77:
2061                     ;;ledtst.j(7)   To compile this class and generate Z80 asm, listing and hex files:
2061             L78:
2061                     ;;ledtst.j(8)   - cd src\test\resources\jCode\ledtest\5_ImportThread
2061             L79:
2061                     ;;ledtst.j(9)   - java -jar ..\..\..\..\..\..\target\z80Compiler-1.0-SNAPSHOT.jar -z -b ledtst.j
2061             L80:
2061                     ;;ledtst.j(10)   Assumes that code can be run from internal RAM with 1 wait state.
2061             L81:
2061                     ;;ledtst.j(11)   Assumes data can be read/written to internal RAM with 1 wait state.
2061             L82:
2061                     ;;ledtst.j(12)   Assumes the Z80S183 is driven by an 18.432 MHz clock at the XTAL pin
2061             L83:
2061                     ;;ledtst.j(13)   Assumes that an active-low LED is available at the PWRSWTCH pin:
2061             L84:
2061                     ;;ledtst.j(14)    - connect anode of low-current (2 mA) LED to VCC
2061             L85:
2061                     ;;ledtst.j(15)    - connect cathode of low-current LED to 1k8 resistor
2061             L86:
2061                     ;;ledtst.j(16)    - connect other end of resistor to PWR_SW (pin 13 of J23).
2061             L87:
2061                     ;;ledtst.j(17)   
2061             L88:
2061                     ;;ledtst.j(18)   Connect Z80S183 evaluation board via DB9 (male-female) cable to RS232 of host computer.
2061             L89:
2061                     ;;ledtst.j(19)   Start hyperterminal or TeraTerm:
2061             L90:
2061                     ;;ledtst.j(20)    - Select serial communication using COM1
2061             L91:
2061                     ;;ledtst.j(21)    - Set up | Serial port
2061             L92:
2061                     ;;ledtst.j(22)      * COM1
2061             L93:
2061                     ;;ledtst.j(23)      * 57600
2061             L94:
2061                     ;;ledtst.j(24)      * 8N2
2061             L95:
2061                     ;;ledtst.j(25)      * no flow control
2061             L96:
2061                     ;;ledtst.j(26)    - connect 9V DC adapter to Z80S183 evaluation board.
2061             L97:
2061                     ;;ledtst.j(27)    - Press RESET on Z80S183 evaluation board
2061             L98:
2061                     ;;ledtst.j(28)      The text Zilog Z80183 Monitor Version 2.8 should appear.
2061             L99:
2061                     ;;ledtst.j(29)   Upload Intel hex file ledtst.hex:
2061             L100:
2061                     ;;ledtst.j(30)    -  type L
2061             L101:
2061                     ;;ledtst.j(31)    -  File | Send file
2061             L102:
2061                     ;;ledtst.j(32)       * Browse to file ledtst.hex and select OK
2061             L103:
2061                     ;;ledtst.j(33)       * The text 10(10) records in Hex file should appear
2061             L104:
2061                     ;;ledtst.j(34)   Check memory contents:
2061             L105:
2061                     ;;ledtst.j(35)    -  D 2000 32
2061             L106:
2061                     ;;ledtst.j(36)   Run program
2061             L107:
2061                     ;;ledtst.j(37)    -  G 2000
2061             L108:
2061                     ;;ledtst.j(38)    - The LED should blink at a rate of 1Hz.
2061             L109:
2061                     ;;ledtst.j(39)   *******************************/
2061             L110:
2061                     ;;ledtst.j(40) 
2061             L111:
2061                     ;;ledtst.j(41)   // Definition of on-chip Z80S183 registers
2061             L112:
2061                     ;;ledtst.j(42)   //                Name  Address  Description
2061             L113:
2061                     ;;ledtst.j(43)   //                ====  =======  =========
2061             L114:
2061                     ;;ledtst.j(44)   static final byte WDTCR = 0x65;  //Watchdog Timer Control Register
2061             L115:
2061                     ;;ledtst.j(45)   static final byte SCR   = 0x7F;  //System Configuration Register P91
2061             L116:
2061                     ;;ledtst.j(46)   static final byte CCR   = 0x1F;  //CPU Control Register P84
2061             L117:
2061                     ;;ledtst.j(47)   static final byte DCNTL = 0x32;  //DMA/Wait Control Register P121
2061             L118:
2061                     ;;ledtst.j(48)   static final byte WSGCR = 0x6B;  //Wait State Generator Control Register P96
2061             L119:
2061                     ;;ledtst.j(49)   static final byte PCR   = 0x7E;  //Power Control Register
2061             L120:
2061                     ;;ledtst.j(50) 
2061             L121:
2061                     ;;ledtst.j(51)   //Device initialisation
2061             L122:
2061                     ;;ledtst.j(52)   public static void init() {
2061             L123:
2061                     ;method LEDTest.init [public, static] void ()
2061             L124:
2061 DD E5               PUSH  IX
2063             L125:
2063 DD 21 00 00         LD    IX,0x0000
2067 DD 39               ADD   IX,SP
2069             L126:
2069             L127:
2069                     ;;ledtst.j(53)     // Enable writing to system ctrl registers
2069             L128:
2069                     ;;ledtst.j(54)     output(WDTCR, 0x00);
2069             L129:
2069 3E 00               LD    A,0
206B ED 39 65            OUT0  (065H),A
206E             L130:
206E                     ;;ledtst.j(55)     // LD      A,00BH
206E             L131:
206E                     ;;ledtst.j(56)     // OUT0    (WDTCR),A
206E             L132:
206E                     ;;ledtst.j(57) 
206E             L133:
206E                     ;;ledtst.j(58)     // System configuration Register P91
206E             L134:
206E                     ;;ledtst.j(59)     // b7 = 0 on-chip ROM disabled
206E             L135:
206E                     ;;ledtst.j(60)     // b6 = 1 on-chip RAM enabled
206E             L136:
206E                     ;;ledtst.j(61)     // b5 = 0 on-chip RAM at xF800H-xFFFFH
206E             L137:
206E                     ;;ledtst.j(62)     // b4 = 1 ROMCS enabled/disabled
206E             L138:
206E                     ;;ledtst.j(63)     // b3 = 1 RAMCS enabled/disabled
206E             L139:
206E                     ;;ledtst.j(64)     // b2 = 1 IOCS  enabled/disabled
206E             L140:
206E                     ;;ledtst.j(65)     // b10=00 PHI = EXTAL clock
206E             L141:
206E                     ;;ledtst.j(66)     output(SCR, 0x5C);
206E             L142:
206E 3E 5C               LD    A,92
2070 ED 39 7F            OUT0  (07FH),A
2073             L143:
2073                     ;;ledtst.j(67)     // LD      A,05CH
2073             L144:
2073                     ;;ledtst.j(68)     // OUT0    (SCR),A
2073             L145:
2073                     ;;ledtst.j(69)   
2073             L146:
2073                     ;;ledtst.j(70)     // CPU Control Register P84
2073             L147:
2073                     ;;ledtst.j(71)     // b7 = 1 PHI = XTAL / 1
2073             L148:
2073                     ;;ledtst.j(72)     // b63=00 SLP instruction enters sleep mode
2073             L149:
2073                     ;;ledtst.j(73)     // b5 = 0 BREQ in standby ignored
2073             L150:
2073                     ;;ledtst.j(74)     // b4 = 0 PHI low noise disabled
2073             L151:
2073                     ;;ledtst.j(75)     // b2 = x reserved
2073             L152:
2073                     ;;ledtst.j(76)     // b1 = 0 IORD/IOWR low noise disabled
2073             L153:
2073                     ;;ledtst.j(77)     // b0 = 0 A19-0/D7-0 low noise disabled
2073             L154:
2073                     ;;ledtst.j(78)     output(CCR, 0x80);    
2073             L155:
2073 3E 80               LD    A,128
2075 ED 39 1F            OUT0  (01FH),A
2078             L156:
2078                     ;;ledtst.j(79)     // LD      A,080H
2078             L157:
2078                     ;;ledtst.j(80)     // OUT0    (CCR),A
2078             L158:
2078                     ;;ledtst.j(81) 
2078             L159:
2078                     ;;ledtst.j(82)     
2078             L160:
2078                     ;;ledtst.j(83)     // DMA/Wait Control Register P121
2078             L161:
2078                     ;;ledtst.j(84)     // b76=00 0 wait state CPU memory cycle
2078             L162:
2078                     ;;ledtst.j(85)     // b54=00 0 wait state CPU I/O cycle
2078             L163:
2078                     ;;ledtst.j(86)     // b3 = 0 level detect on DMA1 Request
2078             L164:
2078                     ;;ledtst.j(87)     // b2 = 0 level detect on DMA0 Request
2078             L165:
2078                     ;;ledtst.j(88)     // b1 = 0 DMA from memory to I/O 
2078             L166:
2078                     ;;ledtst.j(89)     // b0 = 0 DMA increasing memory address
2078             L167:
2078                     ;;ledtst.j(90)     output(DCNTL, 0x00);
2078             L168:
2078 3E 00               LD    A,0
207A ED 39 32            OUT0  (032H),A
207D             L169:
207D                     ;;ledtst.j(91)     // XOR      A
207D             L170:
207D                     ;;ledtst.j(92)     // OUT0    (DCNTL),A
207D             L171:
207D                     ;;ledtst.j(93) 
207D             L172:
207D                     ;;ledtst.j(94)     // Wait State Generator Control Register P96
207D             L173:
207D                     ;;ledtst.j(95)     // b76=00 0 wait states CSROM
207D             L174:
207D                     ;;ledtst.j(96)     // b54=00 0 wait states CSRAM
207D             L175:
207D                     ;;ledtst.j(97)     // b32=00 0 wait states other
207D             L176:
207D                     ;;ledtst.j(98)     // b10=xx reserved
207D             L177:
207D                     ;;ledtst.j(99)     output(WSGCR, 0x00);
207D             L178:
207D 3E 00               LD    A,0
207F ED 39 6B            OUT0  (06BH),A
2082             L179:
2082                     ;;ledtst.j(100)     // OUT0    (WSGCR),A
2082             L180:
2082                     ;;ledtst.j(101) 
2082             L181:
2082                     ;;ledtst.j(102)     // Block writing to system ctrl registers
2082             L182:
2082                     ;;ledtst.j(103)     output(WDTCR, 0x00);
2082             L183:
2082 3E 00               LD    A,0
2084 ED 39 65            OUT0  (065H),A
2087             L184:
2087                     ;;ledtst.j(104)     // XOR     A
2087             L185:
2087                     ;;ledtst.j(105)     // OUT0    (WDTCR),A
2087             L186:
2087                     ;;ledtst.j(106)   }
2087             L187:
2087 DD F9               LD    SP,IX
2089             L188:
2089 DD E1               POP   IX
208B             L189:
208B C9                  return
208C             L190:
208C                     ;;ledtst.j(107) 
208C             L191:
208C                     ;;ledtst.j(108)   public static void toggle() {
208C             L192:
208C                     ;method LEDTest.toggle [public, static] void ()
208C             L193:
208C DD E5               PUSH  IX
208E             L194:
208E DD 21 00 00         LD    IX,0x0000
2092 DD 39               ADD   IX,SP
2094             L195:
2094             L196:
2094                     ;;ledtst.j(109)     // Enable writing to PCR
2094             L197:
2094                     ;;ledtst.j(110)     output(WDTCR, 0x0B);
2094             L198:
2094 3E 0B               LD    A,11
2096 ED 39 65            OUT0  (065H),A
2099             L199:
2099                     ;;ledtst.j(111)     //LD      A,00BH
2099             L200:
2099                     ;;ledtst.j(112)     //OUT0    (WDTCR),A
2099             L201:
2099                     ;;ledtst.j(113) 
2099             L202:
2099                     ;;ledtst.j(114)     // Toggle LED at PWR_SW
2099             L203:
2099                     ;;ledtst.j(115)     output(PCR, input(PCR) ^ 0x20);
2099             L204:
2099 ED 38 7E            IN0  A,(07EH)
209C             L205:
209C EE 20               XOR   A,32
209E             L206:
209E ED 39 7E            OUT0  (07EH),A
20A1             L207:
20A1                     ;;ledtst.j(116)     //IN0     A,(PCR)
20A1             L208:
20A1                     ;;ledtst.j(117)     //XOR     A,020H
20A1             L209:
20A1                     ;;ledtst.j(118)     //OUT0    (PCR),A
20A1             L210:
20A1                     ;;ledtst.j(119) 
20A1             L211:
20A1                     ;;ledtst.j(120)     // Disable writing to PCR
20A1             L212:
20A1                     ;;ledtst.j(121)     output(WDTCR, 0x00);
20A1             L213:
20A1 3E 00               LD    A,0
20A3 ED 39 65            OUT0  (065H),A
20A6             L214:
20A6                     ;;ledtst.j(122)     //XOR     A,A
20A6             L215:
20A6                     ;;ledtst.j(123)     //OUT0    (WDTCR),A
20A6             L216:
20A6                     ;;ledtst.j(124)   }
20A6             L217:
20A6 DD F9               LD    SP,IX
20A8             L218:
20A8 DD E1               POP   IX
20AA             L219:
20AA C9                  return
20AB             L220:
20AB                     ;;ledtst.j(125) 
20AB             L221:
20AB                     ;;ledtst.j(126)   // Blink LED on/off in a XXxxXXxx pattern at 1 Hz.
20AB             L222:
20AB                     ;;ledtst.j(127)   public static void main() {
20AB             L223:
20AB                     ;method LEDTest.main [public, static] void ()
20AB             L224:
20AB DD E5               PUSH  IX
20AD             L225:
20AD DD 21 00 00         LD    IX,0x0000
20B1 DD 39               ADD   IX,SP
20B3             L226:
20B3             L227:
20B3                     ;;ledtst.j(128)     init();
20B3             L228:
20B3 CD 61 20            CALL  L123
20B6             L229:
20B6                     ;;ledtst.j(129)     while (1==1) {
20B6             L230:
20B6 3E 01               LD    A,1
20B8             L231:
20B8 D6 01               SUB   A,1
20BA             L232:
20BA C2 CC 20            JP    NZ,L243
20BD             L233:
20BD                     ;;ledtst.j(130)       toggle();
20BD             L234:
20BD CD 8C 20            CALL  L192
20C0             L235:
20C0                     ;;ledtst.j(131)       Thread.sleep(500); // Sleep for 500 miliseconds.
20C0             L236:
20C0 21 F4 01            LD    HL,500
20C3             L237:
20C3 E5                  PUSH HL
20C4             L238:
20C4 CD 30 20            CALL  L52
20C7             L239:
20C7 33                  INC   SP
20C8 33                  INC   SP
20C9             L240:
20C9                     ;;ledtst.j(132)     }
20C9             L241:
20C9 C3 B6 20            JP    L230
20CC             L242:
20CC                     ;;ledtst.j(133)   }
20CC             L243:
20CC DD F9               LD    SP,IX
20CE             L244:
20CE DD E1               POP   IX
20D0             L245:
20D0 C9                  return
20D1             L246:
20D1                     ;;ledtst.j(134) }
20D1             CNTLA0  equ 000H          ;144 ASCI0 Control Register A.
20D1             STAT0   equ 004H          ;147 ASCI0 Status register.
20D1             TDR0    equ 006H          ;148 ASCI0 Transmit Data Register.
20D1             RDR0    equ 008H          ;149 ASCI0 Receive Data Register.
20D1             ERROR   equ 3             ;CNTLA0->OVRN,FE,PE,BRK error flags.
20D1             TDRE    equ 1             ;STAT0->Tx data register empty bit.
20D1             OVERRUN equ 6             ;STAT0->OVERRUN bit.
20D1             RDRF    equ 7             ;STAT0->Rx data register full bit.
20D1             ;****************
20D1             ;getChar
20D1             ;Check if an input character from ASCI0 is available.
20D1             ;  IN:  none
20D1             ;  OUT: F: ZERO flag set if no character is available.
20D1             ;          ZERO flag reset if a character is available.
20D1             ;       A : character from ASCI0, if available.
20D1             ;  USES:AF
20D1             ;****************
20D1             getChar:
20D1 ED 38 04            IN0   A,(STAT0)   ;read ASCI0 status
20D4 CB 77               BIT   OVERRUN,A   ;check if ASCIO OVERRUN bit is set
20D6 20 07               JR    NZ,getChar1 ;-yes: reset error flags
20D8 CB 7F               BIT   RDRF,A      ;check if ASCIO RDRF bit is set
20DA C8                  RET   Z           ;-no: return without a character
20DB ED 38 08            IN0   A,(RDR0)    ;-yes:read ASCIO Rx data register
20DE C9                  RET
20DF             getChar1:
20DF ED 38 00            IN0   A,(CNTLA0)  ;read ASCI0 control register
20E2 CB 9F               RES   ERROR,A     ;reset OVRN,FE,PE,BRK flags
20E4 ED 39 00            OUT0  (CNTLA0),A  ;write back to ASCI0 CTRL
20E7 AF                  XOR   A,A
20E8 C9                  RET               ;return without a character
20E9             ;****************
20E9             ;putMsg
20E9             ;Print via ASCI0 a zero terminated string, starting at the return address on the stack.
20E9             ;  IN:  none.
20E9             ;  OUT: none.
20E9             ;  USES:none.
20E9             ;****************
20E9             putMsg:
20E9 E3                  EX    (SP),HL     ;save HL and load return address into HL.
20EA CD F6 20            CALL  writeStr
20ED E3                  EX    (SP),HL     ;put return address onto stack and restore HL.
20EE C9                  RET
20EF             ;****************
20EF             ;writeLineStr
20EF             ;Print via ASCI0 a zero terminated string, pointed to by HL, followed by a carriage return.
20EF             ;  IN:  HL:address of zero terminated string to be printed.
20EF             ;  OUT: none.
20EF             ;  USES:HL (point to byte after zero terminated string)
20EF             ;****************
20EF             writeLineStr:
20EF CD F6 20            CALL  writeStr
20F2 CD 12 21            CALL  putCRLF
20F5 C9                  RET
20F6             ;****************
20F6             ;writeStr
20F6             ;Print via ASCI0 a zero terminated string, pointed to by HL.
20F6             ;  IN:  HL:address of zero terminated string to be printed.
20F6             ;  OUT: none.
20F6             ;  USES:HL (point to byte after zero terminated string)
20F6             ;****************
20F6             writeStr:
20F6 F5                  PUSH  AF          ;save registers
20F7             putStr1:
20F7 7E                  LD    A,(HL)      ;get next character
20F8 23                  INC   HL
20F9 B7                  OR    A,A         ;is it zer0?
20FA 28 05               JR    Z,putStr2   ;yes ->return
20FC CD 05 21            CALL  putChar     ;no->put it to ASCI0
20FF 18 F6               JR    putStr1
2101             putStr2:
2101 F1                  POP   AF
2102 C9                  RET
2103             ;****************
2103             ;putSpace
2103             ;Send a space character to ASCI0
2103             ;  IN:  none.
2103             ;  OUT: none.
2103             ;  USES:AF
2103             ;****************
2103             putSpace:
2103 3E 20               LD    A,' '       ;load space and continue with putChar.
2105             ;****************
2105             ;putChar
2105             ;Send one character to ASCI0.
2105             ;  IN:  A = character
2105             ;  OUT: none.
2105             ;  USES:none.
2105             ;****************
2105             putChar:
2105 F5                  PUSH  AF          ;send the character via ASCI0
2106             putChar1:
2106 ED 38 04            IN0   A,(STAT0)   ;read ASCI0 status register
2109 CB 4F               BIT   TDRE,A      ;wait until TDRE <> 0
210B 28 F9               JR    Z,putChar1
210D F1                  POP   AF          ;restore AF registers
210E ED 39 06            OUT0  (TDR0),A    ;write character to ASCI0
2111 C9                  RET
2112             ;****************
2112             ;putCRLF
2112             ;Send CR and LF to ASCI0
2112             ;  IN:  none.
2112             ;  OUT: none.
2112             ;  USES:none.
2112             ;****************
2112             putCRLF:
2112 F5                  PUSH  AF
2113 3E 0D               LD    A,'\r'       ;print carriage return
2115 CD 05 21            CALL  putChar
2118 3E 0A               LD    A,'\n'       ;print line feed
211A CD 05 21            CALL  putChar
211D F1                  POP   AF
211E C9                  RET
211F             ;****************
211F             ;putErase
211F             ;Erase the latest character at ASCI0
211F             ;  IN:  none.
211F             ;  OUT: none.
211F             ;  USES:AF
211F             ;****************
211F             putErase:
211F 3E 08               LD    A,'\b'       ;print backspace
2121 CD 05 21            CALL  putChar
2124 CD 03 21            CALL  putSpace    ;print space (erase character)
2127 3E 08               LD    A,'\b'      ;print backspace
2129 18 DA               JR    putChar
212B             ;****************
212B             ;putBell
212B             ;Send a Bell character to ASCI0
212B             ;  IN:  none.
212B             ;  OUT: none.
212B             ;  USES:AF
212B             ;****************
212B             putBell:
212B 3E 07               LD    A,07        ;ring the bell at ASCI0
212D 18 D6               JR    putChar
212F             ;****************
212F             ;putHexHL
212F             ;Print HL register pair as 4 hex digits
212F             ;  IN:  HL = word to be printed.
212F             ;  OUT: none.
212F             ;  USES:none.
212F             ;****************
212F             putHexHL:
212F F5                  PUSH  AF          ;save used registers
2130 7C                  LD    A,H         ;print H as 2 hex digits
2131 CD 3A 21            CALL  putHexA
2134 7D                  LD    A,L         ;print L as 2 hex digits
2135 CD 3A 21            CALL  putHexA
2138 F1                  POP   AF          ;restore used registers
2139 C9                  RET
213A             ;****************
213A             ;putHexA
213A             ;Print A register as 2 hex digits
213A             ;  IN:  A = byte to be printed
213A             ;  OUT: none.
213A             ;  USES:none.
213A             ;****************
213A             putHexA:
213A F5                  PUSH  AF          ;save input
213B 1F                  RRA               ;shift upper nibble to the right
213C 1F                  RRA
213D 1F                  RRA
213E 1F                  RRA
213F CD 43 21            CALL  putHexA1    ;print upper nibble
2142 F1                  POP   AF          ;restore input & print lower nibble
2143             putHexA1:
2143 F5                  PUSH  AF          ;save input
2144 E6 0F               AND   A,00FH      ;mask lower nibble
2146 C6 30               ADD   A,'0'       ;convert to hex digit
2148 FE 3A               CP    A,'9'+1
214A 38 02               JR    C,putHexA2
214C C6 07               ADD   A,07
214E             putHexA2:
214E CD 05 21            CALL  putChar
2151 F1                  POP   AF          ;restore input
2152 C9                  RET               ;and return
2153             ;****************
2153             ;mul16
2153             ;16 by 16 bit unsigned multiplication with 16 bit result.
2153             ;  IN:  HL = operand 1
2153             ;       DE = operand 2
2153             ;  OUT: HL = HL * DE low part
2153             ;  USES:DE
2153             ;  Size   25 bytes
2153             ;  Time  160 cycles
2153             ;****************
2153             mul16:
2153                     ;HL = HL * DE
2153                     ;        H  L
2153                     ;        D  E
2153                     ;    --------*
2153                     ;          EL
2153                     ;       EH  0
2153                     ;       DL  0
2153                     ; -----------+
2153                     ;        R  S
2153                     ;S = ELlow
2153                     ;R = ELhigh+EHlow+DLlow
2153 C5                  PUSH  BC          ;11  11 save BC
2154 44                  LD    B,H         ; 4  15 copy HL to BC
2155 4D                  LD    C,L         ; 4  19
2156 63                  LD    H,E         ; 4  23 HL contains EL
2157 ED 6C               MLT   HL          ;17  40
2159 E5                  PUSH  HL          ;11  51
215A 63                  LD    H,E         ; 4  55 HL contains EH aka EB
215B 68                  LD    L,B         ; 4  59
215C ED 6C               MLT   HL          ;17  76
215E 45                  LD    B,L         ; 4  80 save EHlow in B
215F 62                  LD    H,D         ; 4  84 HL contains DL aka DC
2160 69                  LD    L,C         ; 4  88
2161 ED 6C               MLT   HL          ;17 105
2163 55                  LD    D,L         ; 4 109 DLlow into DE
2164 1E 00               LD    E,0         ; 6 115
2166 E1                  POP   HL          ; 9 124 add EL+DElow
2167 19                  ADD   HL,DE       ; 7 131
2168 50                  LD    D,B         ; 4 135 add EL+DElow+EHlow
2169 19                  ADD   HL,DE       ; 7 142
216A C1                  POP   BC          ; 9 151 restore BC
216B C9                  RET               ; 9 160
216C             ;****************
216C             ;mul16_10
216C             ;multiply a 16 bit unsigned number by 10 with a 16 bit result.
216C             ;  IN:  HL = operand
216C             ;  OUT: HL = HL * 10; low part
216C             ;  USES:Flags
216C             ;  Size   9 bytes
216C             ;  Time   65 cycles
216C             ;****************
216C             mul16_10:
216C D5                  PUSH  DE          ;11 11
216D 54                  LD    D,H         ; 4 15
216E 5D                  LD    E,L         ; 4 19
216F 29                  ADD   HL,HL       ; 7 26 times 2
2170 29                  ADD   HL,HL       ; 7 33 times 4
2171 19                  ADD   HL,DE       ; 7 40 times 5
2172 29                  ADD   HL,HL       ; 7 47 times 10
2173 D1                  POP   DE          ; 9 56
2174 C9                  RET               ; 9 65
2175             ;****************
2175             ;mul16_8
2175             ;16 by 8 bit unsigned multiplication with 16 bit result.
2175             ;  IN:  HL = operand 1
2175             ;        A = operand 2
2175             ;  OUT: HL = HL * A low part
2175             ;  USES:AF
2175             ;  Size   .. bytes
2175             ;  Time  ... cycles
2175             ;****************
2175             mul16_8:
2175                     ;HL = HL * A
2175                     ;        H  L
2175                     ;           A
2175                     ;    --------*
2175                     ;          AL
2175                     ;       AH  0
2175                     ; -----------+
2175                     ;        R  S
2175                     ;S = ALlow
2175                     ;R = ALhigh+AHlow
2175 C5                  PUSH  BC          ;11  11 save BC
2176 44                  LD    B,H         ; 4  15
2177 4F                  LD    C,A         ; 4  19
2178 67                  LD    H,A         ; 4  23
2179 ED 6C               MLT   HL          ;17  40 HL = AL
217B ED 4C               MLT   BC          ;17  57 BC = AH
217D 7C                  LD    A,H         ; 4  61 A = S = ALhigh+AHlow
217E 81                  ADD   A,C         ; 4  65
217F 67                  LD    H,A         ; 4  69
2180 C1                  POP   BC          ; 9  78 | 289 restore BC
2181 C9                  RET               ; 9  87 | 307
2182             ;****************
2182             ;mul1632
2182             ;16 by 16 bit unsigned multiplication with 32 bit result.
2182             ;  IN:  HL = operand 1
2182             ;       DE = operand 2
2182             ;  OUT: HL = HL * DE low part
2182             ;       DE = HL * DE high part
2182             ;  USES:-
2182             ;  Size 49 bytes
2182             ;  Time between 303 en 307 cycles
2182             ;****************
2182             mul1632:
2182                     ;HL = HL * DE
2182                     ;        H  L
2182                     ;        D  E
2182                     ;    --------*
2182                     ;          EL
2182                     ;       EH  0
2182                     ;       DL  0
2182                     ;    DH  0  0
2182                     ; -----------+
2182                     ;  P  Q  R  S
2182                     ;S = ELlow
2182                     ;R = ELhigh+EHlow+DLlow
2182                     ;Q = DHlow+EHhigh+DLhigh
2182                     ;P = DHhigh
2182 F5                  PUSH  AF          ;11  11 save AF
2183 C5                  PUSH  BC          ;11  22 save BC
2184 44                  LD    B,H         ; 4  26
2185 4D                  LD    C,L         ; 4  30
2186 62                  LD    H,D         ; 4  34 HL contains DH aka DB
2187 68                  LD    L,B         ; 4  38
2188 ED 6C               MLT   HL          ;17  55
218A E5                  PUSH  HL          ;11  66
218B 62                  LD    H,D         ; 4  70 HL contains DL aka DC
218C 69                  LD    L,C         ; 4  74
218D ED 6C               MLT   HL          ;17  91
218F E5                  PUSH  HL          ;11 102
2190 63                  LD    H,E         ; 4 106 HL contains EH aka EB
2191 68                  LD    L,B         ; 4 110
2192 ED 6C               MLT   HL          ;17 127
2194 E5                  PUSH  HL          ;11 138
2195 63                  LD    H,E         ; 4 142 HL contains EL aka EC
2196 69                  LD    L,C         ; 4 146
2197 ED 6C               MLT   HL          ;17 163
2199 D1                  POP   DE          ; 9 172 calculate RS=EL+EH0
219A 06 00               LD    B,0         ; 6 178
219C 4A                  LD    C,D         ; 4 182 ..C=EHhigh
219D 53                  LD    D,E         ; 4 186 ..D=EHlow
219E 1E 00               LD    E,0         ; 6 192
21A0 19                  ADD   HL,DE       ; 7 199
21A1 30 01               JR    NC,mul16321 ; 8 207 | 6 205 add carry to PQ
21A3 03                  INC   BC          ;         4 209
21A4             mul16321:
21A4 D1                  POP   DE          ; 9 209 | 211 calculate RS=EL+EH0+DL0
21A5 7A                  LD    A,D         ; 4 220 | 222 ..A=DLhigh
21A6 53                  LD    D,E         ; 4 224 | 226 ..D=DLlow
21A7 19                  ADD   HL,DE       ; 7 231 | 233
21A8 30 01               JR    NC,mul16322 ; 8 239 | 6 239 add carry to PQ
21AA 03                  INC   BC          ;         4 243
21AB             mul16322:
21AB                                       ;HL=RS=EL+EH0+DL0
21AB                                       ;C=EHhigh
21AB                                       ;A=DLhigh
21AB                                       ;E=0
21AB EB                  EX    DE,HL       ; 3 242 | 246
21AC 65                  LD    H,L         ; 4 246 | 250 ..E was 0, so H=L=0
21AD 6F                  LD    L,A         ; 4 250 | 254 ..HL=DLhigh
21AE 09                  ADD   HL,BC       ; 7 257 | 261 PQ=EHhigh+DLhigh+DH
21AF C1                  POP   BC          ; 9 266 | 270
21B0 09                  ADD   HL,BC       ; 7 273 | 277
21B1 EB                  EX    DE,HL       ; 3 276 | 280
21B2                                       ;D=P=DHhigh
21B2                                       ;E=Q=DHlow+EHhigh+DLhigh
21B2                                       ;H=R=ELhigh+EHlow+DLlow
21B2                                       ;L=S=ELlow
21B2 C1                  POP   BC          ; 9 285 | 289 restore BC
21B3 F1                  POP   AF          ; 9 294 | 298 restore AF
21B4 C9                  RET               ; 9 303 | 307
21B5             ;****************
21B5             ;mul16S
21B5             ;16 by 16 bit slow unsigned multiplication with 32 bit result.
21B5             ;  IN:  HL = operand 1
21B5             ;       DE = operand 2
21B5             ;  OUT: DE = HL * DE high part
21B5             ;       HL = HL * DE low part
21B5             ;  USES:none.
21B5             ;  Size 26 bytes
21B5             ;  Time between 726 en 998 cycles
21B5             ;****************
21B5             mul16S:
21B5 F5                  PUSH  AF          ;11  11 save AF
21B6 C5                  PUSH  BC          ;11  22 save BC
21B7 44                  LD    B,H         ; 4  26
21B8 4D                  LD    C,L         ; 4  30
21B9 21 00 00            LD    HL,0        ; 9  39
21BC 3E 10               LD    A,16        ; 6  45
21BE             mul16S1:
21BE 29                  ADD   HL,HL       ;16*7=112 157
21BF CB 13               RL    E           ;16*7=112 269
21C1 CB 12               RL    D           ;16*7=112 381
21C3 30 04               JR    NC,mul16S2  ;16*8=128 509 16*6= 96 477
21C5 09                  ADD   HL,BC       ;             16*7=112 589
21C6 30 01               JR    NC,mul16S2  ;             16*8=128 717 16*6=96 685
21C8 13                  INC   DE          ;             16*4= 64 781 16*4=64 749 This instruction (with the jump) is like an "ADC DE,0"
21C9             mul16S2:
21C9 3D                  DEC   A           ;16*4=64    573 | 845 | 813
21CA 20 F2               JR    NZ,mul16S1  ;15*8+6=126 699 | 971 | 939
21CC C1                  POP   BC          ; 9         708 | 980 | 948 restore BC
21CD F1                  POP   AF          ; 9         717 | 989 | 957 restore AF
21CE C9                  RET               ; 9         726 | 998 | 966
21CF             ;****************
21CF             ;div16
21CF             ;16 by 16 bit unsigned division.
21CF             ;  IN:  HL = dividend
21CF             ;       DE = divisor
21CF             ;  OUT: HL = quotient
21CF             ;       DE = remainder
21CF             ;  USES:-
21CF             ;  Size   32 bytes
21CF             ;  Time   between 1073 en 1121 cycles
21CF             ;pseudo code:
21CF             ;T = AC = dividend
21CF             ;D = DE = divisor
21CF             ;Q = AC = quotient = 0
21CF             ;R = HL = remainder = 0
21CF             ;invariante betrekking:
21CF             ; D/T\Q     
21CF             ;   R       
21CF             ; T = QD + R
21CF             ; T <= 2^N  
21CF             ;
21CF             ; D/T'.RT\Q'      
21CF             ;   R'             
21CF             ; RT <= 2^N        
21CF             ; 0<=k<=N          
21CF             ; RT = T % 2^k     
21CF             ; T' = (T-RT) / 2^k
21CF             ; Q' = T' / D      
21CF             ; R' = T' % D      
21CF             ;
21CF             ;for (i=16; i>0; i--) {
21CF             ;  T = T * 2 (remember MSB in carry)
21CF             ;  R = R * 2 + carry
21CF             ;  Q = Q * 2
21CF             ;  if (R >= D) {
21CF             ;    R = R - D;
21CF             ;    Q++;
21CF             ;  }
21CF             ;}
21CF             ;return Q (in HL) and R (in DE)
21CF             ;****************
21CF             div16:
21CF F5                  PUSH  AF          ;11  11 save registers used
21D0 C5                  PUSH  BC          ;11  22
21D1 4D                  LD    C,L         ; 4  26 T(AC) = teller from input (HL)
21D2 7C                  LD    A,H         ; 4  30 D(DE) = deler from input  (DE)
21D3 21 00 00            LD    HL,0        ; 9  39 R(HL) = restant; Q(AC) = quotient
21D6 06 10               LD    B,16        ; 6  45 for (i=16; i>0; i--)
21D8             div16_1:
21D8 CB 21               SLA   C           ;16* 7=112 157   T = T * 2 (remember MSB in carry)
21DA CB 17               RL    A           ;16* 7=112 269   Q = Q * 2
21DC ED 6A               ADC   HL,HL       ;16*10=160 429   R = R * 2 + carry
21DE B7                  OR    A,A         ;16* 4= 64 493   if (R >= D) {
21DF ED 52               SBC   HL,DE       ;16*10=160 653
21E1 38 03               JR    C,div16_2   ;16* 8=128 781 16*6= 96 749   R = R - D
21E3 0C                  INC   C           ;              16*4= 64 813   Q++
21E4 18 01               JR    div16_3     ;              16*8=128 941
21E6             div16_2:
21E6 19                  ADD   HL,DE       ;16* 7=112 893  (compensate comparison)
21E7             div16_3:
21E7 10 EF               DJNZ  div16_1     ;15*9+7=142 1035 | 1083 }
21E9 EB                  EX    DE,HL       ; 3 1038 | 1086 swap remainder (HL) into DE
21EA 67                  LD    H,A         ; 4 1042 | 1090 move quotient (AC) into HL
21EB 69                  LD    L,C         ; 4 1046 | 1094
21EC C1                  POP   BC          ; 9 1055 | 1103
21ED F1                  POP   AF          ; 9 1064 | 1112
21EE C9                  RET               ; 9 1073 | 1121
21EF             ;****************
21EF             ;div16_8
21EF             ;16 by 8 bit unsigned division.
21EF             ;  IN:  HL = dividend
21EF             ;       A  = divisor
21EF             ;  OUT: HL = quotient
21EF             ;       A  = remainder
21EF             ;  USES:F(lags)
21EF             ;  Size 18 bytes
21EF             ;  Time between 601 en 697 cycles
21EF             ;****************
21EF             div16_8:
21EF C5                  PUSH  BC          ;11 11 save registers used
21F0 06 10               LD    B,16        ; 6 17 the length of the dividend (16 bits)
21F2 4F                  LD    C,A         ; 4 21 move divisor to C
21F3 AF                  XOR   A,A         ; 4 25 clear upper 8 bits of AHL
21F4             div16_82:
21F4 29                  ADD   HL,HL       ;16*7=112 137 advance dividend (HL) into selected bits (A)
21F5 CB 17               RL    A           ;16*7=112 249
21F7 B9                  CP    A,C         ;16*4= 64 313 check if divisor (E) <= selected digits (A)
21F8 38 02               JR    C,div16_83  ;16*8=128 441 16*6=96 409 if not, advance without subtraction
21FA 91                  SUB   A,C         ;             16*4=64 473 subtract the divisor
21FB 2C                  INC   L           ;             16*4=64 537 and set the next digit of the quotient
21FC             div16_83:
21FC 10 F6               DJNZ  div16_82    ;15*9+7=142 583 679
21FE C1                  POP   BC          ;9 592 688
21FF C9                  RET               ;9 601 697
2200             ;****************
2200             ;div8
2200             ;8 by 8 bit unsigned division.
2200             ;  IN:  A = dividend
2200             ;       C = divisor
2200             ;  OUT: A = quotient
2200             ;       C = remainder
2200             ;  USES:F(lags)
2200             ;  Size 26 bytes
2200             ;  Time between 411 and 459 cycles
2200             ;****************
2200             ;pseudo code:
2200             ;T = dividend
2200             ;D = divisor
2200             ;Q = quotient = 0
2200             ;R = remainder = 0
2200             ;invariante betrekking:
2200             ; T = QD + R
2200             ; T <= 2^8  
2200             ;
2200             ; D/T'.RT\Q'      
2200             ;   R'             
2200             ; RT <= 2^8        
2200             ; 0<=k<=8          
2200             ; RT = T % 2^k     
2200             ; T' = (T-RT) / 2^k
2200             ; Q' = T' / D      
2200             ; R' = T' % D      
2200             ;
2200             ;for (i=8; i>0; i--) {
2200             ;  T = T * 2 (remember MSB in carry)
2200             ;  R = R * 2 + carry
2200             ;  Q = Q * 2
2200             ;  if (R >= D) {
2200             ;    R = R - D;
2200             ;    Q++;
2200             ;  }
2200             ;}
2200             ;return Q (in A) and R (in C)
2200             ;****************
2200             ;E = T = dividend
2200             ;C = D = divisor
2200             ;D = Q = quotient
2200             ;A = R = remainder
2200             ;****************
2200             ;  IN:  A = dividend
2200             ;       C  = divisor
2200             div8:
2200 D5                  PUSH  DE          ;11 11 save registers used
2201 C5                  PUSH  BC          ;11 22 save registers used
2202 06 08               LD    B,8         ; 6 28 the length of the dividend (8 bits)
2204 16 00               LD    D,0         ; 6 34 D = Q = quotient = 0
2206 5F                  LD    E,A         ; 4 38 E = T = dividend
2207 AF                  XOR   A,A         ; 4 42 A = R = remainder = 0
2208             div8_1:
2208 CB 23               SLA   E           ;8*7=56  98            T[E] = T[E] * 2 (remember MSB in carry)
220A CB 17               RL    A           ;8*7=56 154            R[A] = R[A] * 2 + carry
220C CB 22               SLA   D           ;8*7=56 210            Q[D] = Q[D] * 2
220E B9                  CP    A,C         ;8*4=32 242            if (R[A] - D[C] >= 0) {
220F 38 02               JR    C,div8_2    ;8*8=64 306 8*6=48 290
2211 91                  SUB   A,C         ;           8*4=32 322   R[A] = R[A] - D[C];
2212 14                  INC   D           ;           8*4=32 354   Q[D]++;
2213             div8_2:           ;                      }
2213 10 F3               DJNZ  div8_1      ;7*9+7=70 376 424      }
2215 C1                  POP   BC          ;9        385 433
2216 4F                  LD    C,A         ;4        389 437      return Remainder[A] in C
2217 7A                  LD    A,D         ;4        393 441      return Quotient[D] in A
2218 D1                  POP   DE          ;9        402 450
2219 C9                  RET               ;9        411 459
221A             ;****************
221A             ;div8_16
221A             ;8 by 16 bit unsigned division.
221A             ;  IN:  A = dividend
221A             ;       HL = divisor
221A             ;  OUT: A = quotient
221A             ;       C = remainder
221A             ;  USES:F(lags)
221A             ;  Size 13 bytes (plus dependency on div8)
221A             ;  Time 31 or between 436 and 484 cycles
221A             ;****************
221A             ;invariante betrekking:
221A             ; T = dividend
221A             ; D = divisor
221A             ; Q = quotient
221A             ; R = remainder
221A             ; T = QD + R
221A             ;pseudo code:
221A             ; if D >= 256 {
221A             ;   R = T
221A             ;   Q = 0
221A             ; } else {
221A             ;   R = T/D (using div8)
221A             ;   Q = T%D (using div8)
221A             ; }
221A             ;****************
221A             
221A             
221A             div8_16:
221A 4F                  LD    C,A         ;  4  4         save dividend(A) in C
221B 7C                  LD    A,H         ;  4  8         if D >= 256 {
221C B7                  OR    A,A         ;  4 12
221D 28 02               JR    Z,div8_161  ;  6 18  8  20
221F AF                  XOR   A,A         ;  4 22           R = T;
2220 C9                  RET               ;  9 31           Q = 0;
2221             div8_161:                     ;               } else {
2221 79                  LD    A,C         ;        4  24    restore dividend into A
2222 4D                  LD    C,L         ;        4  28    load divisor (HL) into C
2223 CD 00 22            CALL  div8        ; 16+411/16+459               R = T/D; Q = T%D;
2226 C9                  RET               ; 9  436/484    }
2227             ;****************
2227             ;read
2227             ;read a 16 bit unsigned number from the input
2227             ;  IN:  none
2227             ;  OUT: HL = 16 bit unsigned number
2227             ;  USES:-
2227             ;****************
2227             read:
2227 F5                  PUSH  AF
2228 21 00 00            LD    HL,0        ;result = 0;
222B             read1:
222B CD D1 20            CALL  getChar     ;check if a character is available.
222E 28 FB               JR    Z,read1     ;-no: wait for it.
2230 FE 0D               CP    A,'\r'      ;return if char == Carriage Return
2232 28 0C               JR    Z,read2
2234 CD 6C 21            CALL  mul16_10    ;result *= 10;
2237 D6 30               SUB   A,'0'       ;digit = char - '0';
2239 85                  ADD   A,L         ;result += digit;
223A 6F                  LD    L,A
223B 30 EE               JR    NC,read1     ;get next character
223D 24                  INC   H
223E 18 EB               JR    read1        ;get next character
2240             read2:
2240 F1                  POP   AF
2241 C9                  RET
2242             ;****************
2242             ;writeLineHL
2242             ;write a 16 bit unsigned number to the output, followed by a carriage return
2242             ;  IN:  HL = 16 bit unsigned number
2242             ;  OUT: none
2242             ;  USES:HL
2242             ;****************
2242             writeLineHL:
2242 CD 49 22            CALL  writeHL
2245 CD 12 21            CALL  putCRLF
2248 C9                  RET
2249             ;****************
2249             ;writeHL
2249             ;write a 16 bit unsigned number to the output
2249             ;  IN:  HL = 16 bit unsigned number
2249             ;  OUT: none
2249             ;  USES:HL
2249             ;****************
2249             writeHL:
2249 C5                  PUSH  BC          ;save registers used
224A F5                  PUSH  AF
224B 06 00               LD    B,0         ;number of digits on stack
224D 7C                  LD    A,H         ;is HL=0?
224E B5                  OR    A,L
224F 20 03               JR    NZ,writeHL1
2251 04                  INC   B           ;write a single digit 0
2252 18 0C               JR    writeHL3
2254             writeHL1:
2254 3E 0A               LD    A,10        ;divide HL by 10
2256 CD EF 21            CALL  div16_8
2259 F5                  PUSH  AF          ;put remainder on stack
225A 04                  INC   B
225B 7C                  LD    A,H         ;is quotient 0?
225C B5                  OR    A,L
225D 20 F5               JR    NZ,writeHL1
225F             writeHL2:
225F F1                  POP   AF          ;write digit
2260             writeHL3:
2260 C6 30               ADD   A,'0'
2262 CD 05 21            CALL  putChar
2265 10 F8               DJNZ  writeHL2
2267 F1                  POP   AF          ;restore registers used
2268 C1                  POP   BC
2269 C9                  RET
226A             ;****************
226A             ;writeLineA
226A             ;write an 8-bit unsigned number to the output, followed by a carriage return
226A             ;  IN:  A = 8-bit unsigned number
226A             ;  OUT: none
226A             ;  USES:none
226A             ;****************
226A             writeLineA:
226A CD 71 22            CALL  writeA
226D CD 12 21            CALL  putCRLF
2270 C9                  RET
2271             ;****************
2271             ;writeA
2271             ;write an 8-bit unsigned number to the output
2271             ;  IN:  A = 8-bit unsigned number
2271             ;  OUT: none
2271             ;  USES:none
2271             ;****************
2271             writeA:
2271 E5                  PUSH  HL          ;save registers used
2272 26 00               LD    H,0
2274 6F                  LD    L,A
2275 CD 49 22            CALL  writeHL
2278 E1                  POP   HL
2279 C9                  RET

Labels and cross references:
      L0 = 2003 :
      L1 = 2006 :
     L10 = 2009 :
    L100 = 2061 :
    L101 = 2061 :
    L102 = 2061 :
    L103 = 2061 :
    L104 = 2061 :
    L105 = 2061 :
    L106 = 2061 :
    L107 = 2061 :
    L108 = 2061 :
    L109 = 2061 :
     L11 = 2009 :
    L110 = 2061 :
    L111 = 2061 :
    L112 = 2061 :
    L113 = 2061 :
    L114 = 2061 :
    L115 = 2061 :
    L116 = 2061 :
    L117 = 2061 :
    L118 = 2061 :
    L119 = 2061 :
     L12 = 2009 :
    L120 = 2061 :
    L121 = 2061 :
    L122 = 2061 :
    L123 = 2061 : 20B3
    L124 = 2061 :
    L125 = 2063 :
    L126 = 2069 :
    L127 = 2069 :
    L128 = 2069 :
    L129 = 2069 :
     L13 = 2009 :
    L130 = 206E :
    L131 = 206E :
    L132 = 206E :
    L133 = 206E :
    L134 = 206E :
    L135 = 206E :
    L136 = 206E :
    L137 = 206E :
    L138 = 206E :
    L139 = 206E :
     L14 = 2009 :
    L140 = 206E :
    L141 = 206E :
    L142 = 206E :
    L143 = 2073 :
    L144 = 2073 :
    L145 = 2073 :
    L146 = 2073 :
    L147 = 2073 :
    L148 = 2073 :
    L149 = 2073 :
     L15 = 2009 :
    L150 = 2073 :
    L151 = 2073 :
    L152 = 2073 :
    L153 = 2073 :
    L154 = 2073 :
    L155 = 2073 :
    L156 = 2078 :
    L157 = 2078 :
    L158 = 2078 :
    L159 = 2078 :
     L16 = 2009 :
    L160 = 2078 :
    L161 = 2078 :
    L162 = 2078 :
    L163 = 2078 :
    L164 = 2078 :
    L165 = 2078 :
    L166 = 2078 :
    L167 = 2078 :
    L168 = 2078 :
    L169 = 207D :
     L17 = 2009 :
    L170 = 207D :
    L171 = 207D :
    L172 = 207D :
    L173 = 207D :
    L174 = 207D :
    L175 = 207D :
    L176 = 207D :
    L177 = 207D :
    L178 = 207D :
    L179 = 2082 :
     L18 = 2009 :
    L180 = 2082 :
    L181 = 2082 :
    L182 = 2082 :
    L183 = 2082 :
    L184 = 2087 :
    L185 = 2087 :
    L186 = 2087 :
    L187 = 2087 :
    L188 = 2089 :
    L189 = 208B :
     L19 = 2009 :
    L190 = 208C :
    L191 = 208C :
    L192 = 208C : 20BD
    L193 = 208C :
    L194 = 208E :
    L195 = 2094 :
    L196 = 2094 :
    L197 = 2094 :
    L198 = 2094 :
    L199 = 2099 :
      L2 = 2009 :
     L20 = 2009 :
    L200 = 2099 :
    L201 = 2099 :
    L202 = 2099 :
    L203 = 2099 :
    L204 = 2099 :
    L205 = 209C :
    L206 = 209E :
    L207 = 20A1 :
    L208 = 20A1 :
    L209 = 20A1 :
     L21 = 2009 :
    L210 = 20A1 :
    L211 = 20A1 :
    L212 = 20A1 :
    L213 = 20A1 :
    L214 = 20A6 :
    L215 = 20A6 :
    L216 = 20A6 :
    L217 = 20A6 :
    L218 = 20A8 :
    L219 = 20AA :
     L22 = 2009 :
    L220 = 20AB :
    L221 = 20AB :
    L222 = 20AB :
    L223 = 20AB : 2003
    L224 = 20AB :
    L225 = 20AD :
    L226 = 20B3 :
    L227 = 20B3 :
    L228 = 20B3 :
    L229 = 20B6 :
     L23 = 2009 :
    L230 = 20B6 : 20C9
    L231 = 20B8 :
    L232 = 20BA :
    L233 = 20BD :
    L234 = 20BD :
    L235 = 20C0 :
    L236 = 20C0 :
    L237 = 20C3 :
    L238 = 20C4 :
    L239 = 20C7 :
     L24 = 2009 :
    L240 = 20C9 :
    L241 = 20C9 :
    L242 = 20CC :
    L243 = 20CC : 20BA
    L244 = 20CE :
    L245 = 20D0 :
    L246 = 20D1 :
     L25 = 2009 :
     L26 = 2009 :
     L27 = 2009 :
     L28 = 2009 :
     L29 = 2009 : 2049
      L3 = 2009 :
     L30 = 2009 :
     L31 = 200B :
     L32 = 2011 :
     L33 = 2012 :
     L34 = 2012 :
     L35 = 2014 :
     L36 = 2017 : 2025
     L37 = 201A :
     L38 = 201C :
     L39 = 201F :
      L4 = 2009 :
     L40 = 2022 : 2028
     L41 = 2025 :
     L42 = 2028 : 201F
     L43 = 202B :
     L44 = 202B : 201C
     L45 = 202D :
     L46 = 202F :
     L47 = 2030 :
     L48 = 2030 :
     L49 = 2030 :
      L5 = 2009 :
     L50 = 2030 :
     L51 = 2030 :
     L52 = 2030 : 20C4
     L53 = 2030 :
     L54 = 2032 :
     L55 = 2038 :
     L56 = 2038 :
     L57 = 2038 : 2059
     L58 = 203E :
     L59 = 2040 :
      L6 = 2009 :
     L60 = 2046 :
     L61 = 2049 :
     L62 = 2049 :
     L63 = 204C :
     L64 = 204C :
     L65 = 2059 :
     L66 = 2059 :
     L67 = 205C :
     L68 = 205C : 2046
     L69 = 205E :
      L7 = 2009 :
     L70 = 2060 :
     L71 = 2061 :
     L72 = 2061 :
     L73 = 2061 :
     L74 = 2061 :
     L75 = 2061 :
     L76 = 2061 :
     L77 = 2061 :
     L78 = 2061 :
     L79 = 2061 :
      L8 = 2009 :
     L80 = 2061 :
     L81 = 2061 :
     L82 = 2061 :
     L83 = 2061 :
     L84 = 2061 :
     L85 = 2061 :
     L86 = 2061 :
     L87 = 2061 :
     L88 = 2061 :
     L89 = 2061 :
      L9 = 2009 :
     L90 = 2061 :
     L91 = 2061 :
     L92 = 2061 :
     L93 = 2061 :
     L94 = 2061 :
     L95 = 2061 :
     L96 = 2061 :
     L97 = 2061 :
     L98 = 2061 :
     L99 = 2061 :
   div16 = 21CF :
 div16_1 = 21D8 : 21E7
 div16_2 = 21E6 : 21E1
 div16_3 = 21E7 : 21E4
 div16_8 = 21EF : 2256
div16_82 = 21F4 : 21FC
div16_83 = 21FC : 21F8
    div8 = 2200 : 2223
  div8_1 = 2208 : 2213
 div8_16 = 221A :
div8_161 = 2221 : 221D
  div8_2 = 2213 : 220F
 getChar = 20D1 : 222B
getChar1 = 20DF : 20D6
   mul16 = 2153 :
 mul1632 = 2182 :
mul16321 = 21A4 : 21A1
mul16322 = 21AB : 21A8
  mul16S = 21B5 :
 mul16S1 = 21BE : 21CA
 mul16S2 = 21C9 : 21C3 21C6
mul16_10 = 216C : 2234
 mul16_8 = 2175 :
 putBell = 212B :
 putCRLF = 2112 : 20F2 2245 226D
 putChar = 2105 : 20FC 2115 211A 2121 2129 212D 214E 2262
putChar1 = 2106 : 210B
putErase = 211F :
 putHexA = 213A : 2131 2135
putHexA1 = 2143 : 213F
putHexA2 = 214E : 214A
putHexHL = 212F :
  putMsg = 20E9 :
putSpace = 2103 : 2124
 putStr1 = 20F7 : 20FF
 putStr2 = 2101 : 20FA
    read = 2227 :
   read1 = 222B : 222E 223B 223E
   read2 = 2240 : 2232
   start = 2000 :
  writeA = 2271 : 226A
 writeHL = 2249 : 2242 2275
writeHL1 = 2254 : 224F 225D
writeHL2 = 225F : 2265
writeHL3 = 2260 : 2252
writeLineA = 226A :
writeLineHL = 2242 :
writeLineStr = 20EF :
writeStr = 20F6 : 20EA 20EF
